// Jest Snapshot v1, https://goo.gl/fbAQLP

exports[`Content 1`] = `
.c0 {
  margin: 0;
  padding: 20px;
}

<div
  className="c0"
/>
`;
